Traceback (most recent call last):
  File "execute_fail_divide_zero.py", line 1, in <module>
    a = 10 / 0
ZeroDivisionError: division by zero
